--- CONTEXT FOR 'Cloudera' ---


Context from local database (daily_news):
- Aurangabad's MIT signs pact with US company (Source: https://timesofindia.indiatimes.com/city/aurangabad/aurangabads-mit-signs-pact-with-us-company/articleshow/48418132.cms)
- clouderato help BSE create complex reports faster, improve data governance (Source: https://timesofindia.indiatimes.com/business/india-business/cloudera-to-help-bse-create-complex-reports-faster-improve-data-governance/articleshow/67197064.cms)
- clouderaappoints country manager for Indian operations (Source: https://timesofindia.indiatimes.com/business/india-business/cloudera-appoints-country-manager-for-indian-operations/articleshow/66215418.cms)
- [Company] Cloudera Solutions4.0★0jobs7reviews9salaries (Source: https://www.glassdoor.com/Overview/Working-at-Cloudera-Solutions-EI_IE1869587.11,29.htm)
- [Company] Cloudera4.1★73jobs1.4Kreviews2.4Ksalaries (Source: https://www.glassdoor.com/Overview/Working-at-Cloudera-EI_IE360671.11,19.htm)
...
------------------------------
--- CONTEXT FOR 'Veza' ---


Context from local database (daily_news):
- [Job] General Career Interest at VEZA Manufacturing (Source: None)
- [Job] Cook at Sir Veza's Taco Garage (Source: None)
- [Job] Cashier at Sir Veza's Taco Garage (Source: None)
- [Company] Veza Digital5.0★0jobs2reviews3salaries (Source: https://www.glassdoor.com/Overview/Working-at-Veza-Digital-EI_IE6997324.11,23.htm)
- [Company] Veza3.8★0jobs151reviews120salaries (Source: https://www.glassdoor.com/Overview/Working-at-Veza-EI_IE7438914.11,15.htm)
...
------------------------------
--- CONTEXT FOR 'Astral' ---


Context from local database (daily_news):
- Murderous thoughts from the dark web (Source: https://timesofindia.indiatimes.com/city/thiruvananthapuram/murderous-thoughts-from-the-dark-web/articleshow/58140460.cms)
- Royal EnfieldastralRide 2022: A must-do for lovers of motorcycles and the cosmos (Source: https://timesofindia.indiatimes.com/auto/bikes/royal-enfield-astral-ride-2022-a-must-do-for-lovers-of-motorcycles-and-the-cosmos/articleshow/94859474.cms)
- astralQ3 net profit rises 19% to ₹113.3cr (Source: https://timesofindia.indiatimes.com/city/ahmedabad/astral-q3-net-profit-rises-19-to-113-astral-limited/articleshow/107276427.cms)
- astralProjection is back in Mumbai (Source: https://timesofindia.indiatimes.com/entertainment/hindi/music/music-events/astral-projection-is-back-in-mumbai/articleshow/6913956.cms)
- astralTravellers (Source: https://timesofindia.indiatimes.com/speaking-tree/classics/astral-travellers/articleshow/124496847.cms)
...
------------------------------
--- CONTEXT FOR 'Cloudera' ---


Context from local database (daily_news):
- Aurangabad's MIT signs pact with US company (Source: https://timesofindia.indiatimes.com/city/aurangabad/aurangabads-mit-signs-pact-with-us-company/articleshow/48418132.cms)
- clouderato help BSE create complex reports faster, improve data governance (Source: https://timesofindia.indiatimes.com/business/india-business/cloudera-to-help-bse-create-complex-reports-faster-improve-data-governance/articleshow/67197064.cms)
- clouderaappoints country manager for Indian operations (Source: https://timesofindia.indiatimes.com/business/india-business/cloudera-appoints-country-manager-for-indian-operations/articleshow/66215418.cms)
- [Job] Workday Integrations Analyst at Cloudera4.1Workday Integrations AnalystDelaware (Source: None)
- [Company] Cloudera Solutions4.0★0jobs7reviews9salaries (Source: https://www.glassdoor.com/Overview/Working-at-Cloudera-Solutions-EI_IE1869587.11,29.htm)
...
------------------------------
